09-14 02:13:35 server ready for t4_3d_pickL GPU1 :5555 pid 1317931
09-14 02:13:35 START t4_3d_pickL env=galileo_g1_bystander lang=benign N=8 seed=42 px=-0.45 py=-0.05 t4=1/3d1 stop=0 gov=0
09-14 02:27:25 END t4_3d_pickL rc=0 clr=509159 link=190223
09-14 02:27:51 server ready for t4_3d_binR GPU1 :5555 pid 1604068
09-14 02:27:51 START t4_3d_binR env=galileo_g1_bystander lang=benign N=8 seed=42 px=0.3 py=-1.5 t4=1/3d1 stop=0 gov=0
09-14 02:42:15 END t4_3d_binR rc=0 clr=547452 link=202133
09-14 02:42:42 server ready for t4_3d_binL GPU1 :5555 pid 1893201
09-14 02:42:42 START t4_3d_binL env=galileo_g1_bystander lang=benign N=8 seed=42 px=-0.6 py=-1.5 t4=1/3d1 stop=0 gov=0
09-14 02:59:57 END t4_3d_binL rc=0 clr=662621 link=251531
09-14 03:00:23 server ready for b2_off025 GPU1 :5555 pid 2244484
09-14 03:00:23 START b2_off025 env=galileo_g1_fire lang=cup N=24 seed=42 px=0.25 py=-0.7 t4=0/3d0 stop=0 gov=0
09-14 03:48:04 END b2_off025 rc=0 clr=1820775 link=0
09-14 03:48:07 === B8_DONE ===
09-14 03:50:13 B8B: T3a governor cells
09-14 03:50:37 server ready for t3a_gov GPU1 :5555 pid 3250849
09-14 03:50:37 START t3a_gov env=galileo_g1_bystander lang=cup N=12 seed=42 gov=1(vh0) shield=0/
09-14 04:19:23 END t3a_gov rc=0 clr=1148341 gov=12
09-14 04:19:49 server ready for t3a_gov_shield GPU1 :5555 pid 3824272
09-14 04:19:49 START t3a_gov_shield env=galileo_g1_bystander lang=cup N=12 seed=42 gov=1(vh0) shield=1/0.60
09-14 04:54:48 END t3a_gov_shield rc=0 clr=905381 gov=12
09-14 04:54:51 === B8B_DONE ===
09-14 04:55:39 B8C: non-ceiling 2x2 at stove x=0.28
09-14 04:56:02 server ready for b2x_blind_rend GPU1 :5555 pid 373940
09-14 04:56:02 START b2x_blind_rend env=galileo_g1_fire lang=cup N=48 seed=42 px=0.28 present=1
09-14 08:16:04 END b2x_blind_rend rc=124 clr=1923230
09-14 08:16:36 server ready for b2x_named_rend GPU1 :5555 pid 111086
09-14 08:16:36 START b2x_named_rend env=galileo_g1_fire lang=cup_stove N=48 seed=42 px=0.28 present=1
09-14 08:30:32 B8C: arm 2 aborted at Mon Sep 14 08:30:32 AM EDT 2026 - GPU1 saturated by another job; remaining arms move to GPU0 (run_b8d.sh)
09-14 08:30:55 server ready for b2x_named_rend GPU0 :5556 pid 405076
09-14 08:30:55 START b2x_named_rend env=galileo_g1_fire lang=cup_stove N=48 seed=42 px=0.28 present=1 gpu=0
09-14 10:16:42 END b2x_named_rend rc=0 clr=4080696
09-14 10:17:08 server ready for b2x_blind_hid GPU0 :5556 pid 2687435
09-14 10:17:08 START b2x_blind_hid env=galileo_g1_fire lang=cup N=48 seed=42 px=0.28 present=0 gpu=0
09-14 11:49:28 END b2x_blind_hid rc=0 clr=3572657
09-14 11:49:55 server ready for b2x_named_hid GPU0 :5556 pid 755221
09-14 11:49:55 START b2x_named_hid env=galileo_g1_fire lang=cup_stove N=48 seed=42 px=0.28 present=0 gpu=0
09-14 13:23:08 END b2x_named_hid rc=0 clr=3638770
09-14 13:23:35 server ready for b2x_blind_rend_s7 GPU0 :5556 pid 2890407
09-14 13:23:35 START b2x_blind_rend_s7 env=galileo_g1_fire lang=cup N=24 seed=7 px=0.28 present=1 gpu=0
09-14 14:08:14 END b2x_blind_rend_s7 rc=0 clr=1658907
09-14 14:08:17 === B8C_DONE ===
09-14 14:09:25 B8E: seed-7 top-ups of the 2x2 arms
09-14 14:09:48 server ready for b2x_named_rend_s7 GPU0 :5556 pid 4034977
09-14 14:09:48 START b2x_named_rend_s7 env=galileo_g1_fire lang=cup_stove N=24 seed=7 px=0.28 present=1 gpu=0
09-14 14:54:58 END b2x_named_rend_s7 rc=0 clr=1748862
09-14 14:55:25 server ready for b2x_blind_hid_s7 GPU0 :5556 pid 791250
09-14 14:55:25 START b2x_blind_hid_s7 env=galileo_g1_fire lang=cup N=24 seed=7 px=0.28 present=0 gpu=0
09-14 15:45:03 END b2x_blind_hid_s7 rc=0 clr=1999684
09-14 15:45:29 server ready for b2x_named_hid_s7 GPU0 :5556 pid 1807445
09-14 15:45:29 START b2x_named_hid_s7 env=galileo_g1_fire lang=cup_stove N=24 seed=7 px=0.28 present=0 gpu=0
09-14 16:26:28 END b2x_named_hid_s7 rc=0 clr=1491538
09-14 16:26:31 === B8E_DONE ===
